============================= test session starts ==============================
platform linux -- Python 3.8.5, pytest-6.2.2, py-1.10.0, pluggy-0.13.1
rootdir: /root/stevens/SSW-555-A-U
collected 12 items

test_parser.py ............                                              [100%]

============================== 12 passed in 0.06s ==============================
